
========== LOCAL METRICS BY FUTURE REGMEAN OUTCOME ==========
metric                      future success    future failure     fail/succ
local_attack__a_abs                15.4938           14.6728        0.9470
local_attack__r                     4.7910            5.0044        1.0445
local_attack__r_spec                4.3883            4.6051        1.0494
local_attack__m_off               -58.6253          -57.9912        0.9892
local_attack__off_deficit           58.6253           57.9912        0.9892
local_attack__gain_coverage            1.2668            1.2686        1.0014

========== LOCAL PREDICTABILITY OF FUTURE REGMEAN FAILURE ==========
metric                      oriented AUC   failure direction
local_a_abs                       0.7874               lower
local_g_key                       0.7295               lower
local_g_spec                      0.6873               lower
local_r                           0.7923              higher
local_r_spec                      0.7888              higher
local_m_off                       0.7412              higher
local_off_deficit                 0.7412               lower
local_coverage                    0.6505              higher

========== REGMEAN PAIRED TRANSPORT ==========
metric                            future success    future failure
regmean__a_ratio                          0.2764            0.2173
regmean__r_ratio                          0.9539            0.7701
regmean__r_spec_ratio                     0.9336            0.8451
regmean__deficit_ratio                    0.2569            0.2367
regmean__coverage_ratio                   1.0224            0.7544
regmean__required_dose                    3.2764            3.5384
regmean__dose_reserve                     0.9858           -0.1540
regmean__dose_shortfall                   0.0000            0.1540

========== LOG COVERAGE TRANSPORT DECOMPOSITION ==========
Use MEANS here because the per-sample log identity is additive.
metric                                       future success mean   future failure mean
regmean__log_a_transport                               -1.302499             -1.512776
regmean__log_r_transport                               -0.068279             -0.312069
regmean__log_deficit_transport                         -1.404969             -1.484343
regmean__log_coverage_transport                         0.034192             -0.340503
regmean__dose_pressure                                  1.302499              1.512776
regmean__readout_pressure                               0.068279              0.312069
regmean__deficit_pressure                              -1.404969             -1.484343
regmean__log_coverage_reconstruction_error              0.000000              0.000000

========== FACTOR-REPLACEMENT COVERAGE AUDIT ==========
scenario                succ C med     succ >1    fail C med     fail >1
factor_local                1.2668      1.0000        1.2686      1.0000
factor_a_only               0.3502      0.0000        0.2758      0.0000
factor_r_only               1.2092      0.9177        0.9772      0.4634
factor_d_only               4.9308      1.0000        5.3523      1.0000
factor_a_r                  0.3371      0.0000        0.2067      0.0000
factor_a_d                  1.3727      0.9779        1.1858      0.8049
factor_r_d                  4.7135      1.0000        4.1376      1.0000
factor_full                 1.2976      1.0000        0.9602      0.0000

========== DONE ==========
[Paired Transport] CSV: ./analysis/kdr_dtk_ccr_paired_transport/20260708_161411_fsb_paired_transport_samples.csv
[Paired Transport] JSON: ./analysis/kdr_dtk_ccr_paired_transport/20260708_161411_fsb_paired_transport.json
[Paired Transport] Markdown: ./analysis/kdr_dtk_ccr_paired_transport/20260708_161411_fsb_paired_transport_summary.md
