Classification head for ViT-B-32 on CIFAR100 exists at ./checkpoints/ViT-B-32/head_CIFAR100.pt
Loading classification head from ./checkpoints/ViT-B-32/head_CIFAR100.pt
[DTK-BMR] output_dir: ./checkpoints/ViT-B-32/CIFAR100_KDR_TDK_BMR_CIFAR100_Tgt_1_L_22
[DTK-BMR] trainable: {'trainable': 113448705, 'total': 113448705, 'ratio': 1.0}
[DTK-BMR] trigger: ./trigger/ViT-B-32/KDR_TDK_CIFAR100_Tgt_1_L_22.npy
[DTK-BMR] epoch=0/5 batch=0/352 loss=6.8936 clean=0.0732 bd=2.8958 reserve=3.9245 Rmed=-4.3936 Rq10=-10.5129 G=-2.7125 D=0.4062 Mbg=0.5803 Matk=-2.1322 atk=0.297 bg=0.703
[DTK-BMR] epoch=0/5 batch=20/352 loss=1.4815 clean=0.0333 bd=0.5945 reserve=0.8537 Rmed=0.7833 Rq10=-0.4497 G=1.3465 D=0.6295 Mbg=0.4061 Matk=1.7526 atk=0.766 bg=0.688
[DTK-BMR] epoch=0/5 batch=40/352 loss=0.2115 clean=0.0695 bd=0.0564 reserve=0.0857 Rmed=5.1683 Rq10=1.5931 G=4.7191 D=0.4906 Mbg=0.3011 Matk=5.0202 atk=0.984 bg=0.625
[DTK-BMR] epoch=0/5 batch=60/352 loss=0.1712 clean=0.0129 bd=0.0700 reserve=0.0884 Rmed=5.0697 Rq10=1.5923 G=3.3326 D=0.4783 Mbg=0.5136 Matk=3.8462 atk=1.000 bg=0.625
[DTK-BMR] epoch=0/5 batch=80/352 loss=0.1484 clean=0.0692 bd=0.0034 reserve=0.0758 Rmed=5.0075 Rq10=2.6825 G=7.0620 D=0.7693 Mbg=0.1030 Matk=7.1650 atk=1.000 bg=0.562
[DTK-BMR] epoch=0/5 batch=100/352 loss=0.0854 clean=0.0558 bd=0.0000 reserve=0.0296 Rmed=10.4051 Rq10=3.6594 G=11.0357 D=0.4859 Mbg=0.6044 Matk=11.6401 atk=1.000 bg=0.734
[DTK-BMR] epoch=0/5 batch=120/352 loss=0.0992 clean=0.0722 bd=0.0000 reserve=0.0270 Rmed=8.5418 Rq10=4.4952 G=10.5876 D=0.4168 Mbg=0.8627 Matk=11.4503 atk=1.000 bg=0.781
[DTK-BMR] epoch=0/5 batch=140/352 loss=0.0916 clean=0.0451 bd=0.0000 reserve=0.0465 Rmed=6.7277 Rq10=3.7426 G=12.3470 D=0.8115 Mbg=0.1092 Matk=12.4562 atk=1.000 bg=0.656
[DTK-BMR] epoch=0/5 batch=160/352 loss=0.0597 clean=0.0275 bd=0.0000 reserve=0.0323 Rmed=18.7955 Rq10=4.1518 G=11.7319 D=0.5432 Mbg=0.3760 Matk=12.1080 atk=1.000 bg=0.656
[DTK-BMR] epoch=0/5 batch=180/352 loss=0.0739 clean=0.0362 bd=0.0000 reserve=0.0377 Rmed=9.2548 Rq10=3.7493 G=13.7924 D=0.7409 Mbg=0.3640 Matk=14.1564 atk=1.000 bg=0.672
[DTK-BMR] epoch=0/5 batch=200/352 loss=0.0573 clean=0.0310 bd=0.0000 reserve=0.0263 Rmed=14.4163 Rq10=6.6661 G=15.0235 D=0.4871 Mbg=0.4786 Matk=15.5021 atk=1.000 bg=0.625
[DTK-BMR] epoch=0/5 batch=220/352 loss=0.0807 clean=0.0280 bd=0.0003 reserve=0.0525 Rmed=5.2284 Rq10=2.5508 G=9.7649 D=0.7576 Mbg=0.3435 Matk=10.1084 atk=1.000 bg=0.688
[DTK-BMR] epoch=0/5 batch=240/352 loss=0.0967 clean=0.0749 bd=0.0000 reserve=0.0219 Rmed=16.8002 Rq10=4.8875 G=15.4251 D=0.4511 Mbg=0.6255 Matk=16.0506 atk=1.000 bg=0.766
[DTK-BMR] epoch=0/5 batch=260/352 loss=0.0887 clean=0.0484 bd=0.0001 reserve=0.0402 Rmed=8.7077 Rq10=4.1706 G=10.0239 D=0.5526 Mbg=0.2623 Matk=10.2863 atk=1.000 bg=0.641
[DTK-BMR] epoch=0/5 batch=280/352 loss=0.1327 clean=0.0727 bd=0.0074 reserve=0.0526 Rmed=3.3348 Rq10=2.2825 G=5.8332 D=0.4175 Mbg=0.7637 Matk=6.5969 atk=1.000 bg=0.781
[DTK-BMR] epoch=0/5 batch=300/352 loss=0.0612 clean=0.0306 bd=0.0000 reserve=0.0306 Rmed=13.6601 Rq10=4.2264 G=14.9857 D=0.6621 Mbg=0.4844 Matk=15.4701 atk=1.000 bg=0.703
[DTK-BMR] epoch=0/5 batch=320/352 loss=0.0533 clean=0.0195 bd=0.0000 reserve=0.0338 Rmed=12.7484 Rq10=4.0541 G=16.4395 D=0.7310 Mbg=0.4033 Matk=16.8428 atk=1.000 bg=0.641
[DTK-BMR] epoch=0/5 batch=340/352 loss=0.0549 clean=0.0146 bd=0.0000 reserve=0.0402 Rmed=8.5474 Rq10=3.9446 G=13.8380 D=0.7309 Mbg=0.1485 Matk=13.9865 atk=1.000 bg=0.656
[DTK-BMR] epoch_summary: {'epoch': 0, 'steps': 352, 'elapsed_sec': 372.78578877449036, 'avg_loss': 0.5189585736741058, 'avg_clean_loss': 0.047931144257414744, 'avg_bd_loss': 0.19622161157600895, 'avg_reserve_loss': 0.27480582129316067, 'avg_residual_l2': 2.5014899427240547, 'avg_attack_margin_mean': 9.668883610516787, 'avg_attack_margin_min': 5.847168938680128, 'avg_background_margin_mean': 0.2870090599595146, 'avg_background_margin_max': 3.678131504492326, 'avg_background_deficit_mean': 0.6802627655084837, 'avg_background_deficit_median': 0.0, 'avg_margin_gain_mean': 9.3818746173585, 'avg_margin_gain_min': 5.160891169851476, 'avg_margin_gain_positive_rate': 0.9588512073863636, 'avg_reserve_valid_rate': 0.3509854403409091, 'avg_reserve_ratio_mean': 83.2487409939693, 'avg_reserve_ratio_median': 7.534727600953457, 'avg_reserve_ratio_q10': 2.148545458828184, 'avg_reserve_below_one_rate': 0.061709581398066475, 'avg_reserve_gap_mean': 8.701611810787158, 'avg_reserve_gap_min': 4.712751968340441, 'avg_attack_target_rate': 0.9591175426136364, 'avg_background_target_rate': 0.6490145596590909, 'avg_clean_acc': 0.987287425012751}
[DTK-BMR] epoch=1/5 batch=0/352 loss=0.0641 clean=0.0301 bd=0.0000 reserve=0.0340 Rmed=9.1842 Rq10=4.1461 G=15.0458 D=0.7074 Mbg=0.2849 Matk=15.3307 atk=1.000 bg=0.688
[DTK-BMR] epoch=1/5 batch=20/352 loss=0.1527 clean=0.0633 bd=0.0132 reserve=0.0762 Rmed=6.0847 Rq10=2.0346 G=5.7384 D=0.6559 Mbg=0.3654 Matk=6.1037 atk=1.000 bg=0.609
[DTK-BMR] epoch=1/5 batch=40/352 loss=0.0983 clean=0.0551 bd=0.0000 reserve=0.0432 Rmed=9.9166 Rq10=4.2301 G=17.3769 D=0.9925 Mbg=-0.0643 Matk=17.3126 atk=1.000 bg=0.609
[DTK-BMR] epoch=1/5 batch=60/352 loss=0.0612 clean=0.0128 bd=0.0003 reserve=0.0482 Rmed=6.8435 Rq10=2.8289 G=9.2011 D=0.6673 Mbg=0.2946 Matk=9.4957 atk=1.000 bg=0.688
[DTK-BMR] epoch=1/5 batch=80/352 loss=0.1133 clean=0.0627 bd=0.0001 reserve=0.0506 Rmed=8.3296 Rq10=3.6019 G=11.0231 D=0.7677 Mbg=0.1975 Matk=11.2206 atk=1.000 bg=0.562
[DTK-BMR] epoch=1/5 batch=100/352 loss=0.0517 clean=0.0259 bd=0.0000 reserve=0.0258 Rmed=15.0740 Rq10=6.4491 G=19.2589 D=0.6204 Mbg=0.2874 Matk=19.5463 atk=1.000 bg=0.641
[DTK-BMR] epoch=1/5 batch=120/352 loss=0.0461 clean=0.0335 bd=0.0000 reserve=0.0126 Rmed=13.3489 Rq10=10.9915 G=19.6688 D=0.3040 Mbg=0.8395 Matk=20.5083 atk=1.000 bg=0.797
[DTK-BMR] epoch=1/5 batch=140/352 loss=0.1634 clean=0.1200 bd=0.0000 reserve=0.0434 Rmed=10.1039 Rq10=5.3028 G=18.3471 D=1.0120 Mbg=-0.1591 Matk=18.1881 atk=1.000 bg=0.562
[DTK-BMR] epoch=1/5 batch=160/352 loss=0.0364 clean=0.0120 bd=0.0000 reserve=0.0244 Rmed=15.6891 Rq10=4.8989 G=19.5785 D=0.6106 Mbg=0.3205 Matk=19.8990 atk=1.000 bg=0.703
[DTK-BMR] epoch=1/5 batch=180/352 loss=0.0786 clean=0.0400 bd=0.0000 reserve=0.0386 Rmed=13.7002 Rq10=4.7692 G=15.7110 D=0.8060 Mbg=0.0506 Matk=15.7616 atk=1.000 bg=0.531
[DTK-BMR] epoch=1/5 batch=200/352 loss=0.0796 clean=0.0504 bd=0.0000 reserve=0.0292 Rmed=9.7058 Rq10=7.3598 G=18.2746 D=0.6435 Mbg=0.4226 Matk=18.6972 atk=1.000 bg=0.625
[DTK-BMR] epoch=1/5 batch=220/352 loss=0.0994 clean=0.0453 bd=0.0000 reserve=0.0541 Rmed=6.8704 Rq10=3.3007 G=12.9934 D=0.9824 Mbg=-0.0566 Matk=12.9368 atk=1.000 bg=0.641
[DTK-BMR] epoch=1/5 batch=240/352 loss=0.0486 clean=0.0179 bd=0.0000 reserve=0.0307 Rmed=14.2751 Rq10=5.6851 G=18.8131 D=0.7359 Mbg=0.3029 Matk=19.1160 atk=1.000 bg=0.625
[DTK-BMR] epoch=1/5 batch=260/352 loss=0.0354 clean=0.0149 bd=0.0000 reserve=0.0205 Rmed=18.6365 Rq10=6.1046 G=19.3464 D=0.5181 Mbg=0.5639 Matk=19.9103 atk=1.000 bg=0.703
[DTK-BMR] epoch=1/5 batch=280/352 loss=0.1279 clean=0.0788 bd=0.0003 reserve=0.0487 Rmed=7.0385 Rq10=2.6307 G=9.3320 D=0.7243 Mbg=0.3826 Matk=9.7146 atk=1.000 bg=0.672
[DTK-BMR] epoch=1/5 batch=300/352 loss=0.0881 clean=0.0270 bd=0.0039 reserve=0.0572 Rmed=7.2079 Rq10=2.5468 G=6.8068 D=0.5494 Mbg=0.4040 Matk=7.2108 atk=1.000 bg=0.641
[DTK-BMR] epoch=1/5 batch=320/352 loss=0.0602 clean=0.0228 bd=0.0000 reserve=0.0374 Rmed=15.4422 Rq10=4.1968 G=16.6096 D=0.8389 Mbg=0.0584 Matk=16.6680 atk=1.000 bg=0.578
[DTK-BMR] epoch=1/5 batch=340/352 loss=0.1074 clean=0.0429 bd=0.0068 reserve=0.0578 Rmed=5.2118 Rq10=2.6808 G=6.1291 D=0.5215 Mbg=0.5617 Matk=6.6909 atk=1.000 bg=0.672
[DTK-BMR] epoch_summary: {'epoch': 1, 'steps': 352, 'elapsed_sec': 746.3693544864655, 'avg_loss': 0.07528897741047497, 'avg_clean_loss': 0.03792454421107488, 'avg_bd_loss': 0.0007594011894287818, 'avg_reserve_loss': 0.03660503219527362, 'avg_residual_l2': 2.515189796008847, 'avg_attack_margin_mean': 15.400986004959453, 'avg_attack_margin_min': 12.79583323543722, 'avg_background_margin_mean': 0.3163482563739473, 'avg_background_margin_max': 3.766432111913508, 'avg_background_deficit_mean': 0.6752613487399437, 'avg_background_deficit_median': 0.0006445158611644398, 'avg_margin_gain_mean': 15.084637758406727, 'avg_margin_gain_min': 11.015442859042775, 'avg_margin_gain_positive_rate': 1.0, 'avg_reserve_valid_rate': 0.34517045454545453, 'avg_reserve_ratio_mean': 62.608611365610905, 'avg_reserve_ratio_median': 11.715461136265235, 'avg_reserve_ratio_q10': 4.883816687898203, 'avg_reserve_below_one_rate': 0.0, 'avg_reserve_gap_mean': 14.40937641127543, 'avg_reserve_gap_min': 10.897623430598866, 'avg_attack_target_rate': 1.0, 'avg_background_target_rate': 0.6548295454545454, 'avg_clean_acc': 0.990234375}
[DTK-BMR] epoch=2/5 batch=0/352 loss=0.0498 clean=0.0162 bd=0.0000 reserve=0.0336 Rmed=17.6007 Rq10=5.2096 G=22.2685 D=0.9259 Mbg=-0.1352 Matk=22.1333 atk=1.000 bg=0.562
[DTK-BMR] epoch=2/5 batch=20/352 loss=0.1056 clean=0.0735 bd=0.0000 reserve=0.0321 Rmed=16.0872 Rq10=5.4049 G=18.8064 D=0.7762 Mbg=0.1496 Matk=18.9559 atk=1.000 bg=0.562
[DTK-BMR] epoch=2/5 batch=40/352 loss=0.0545 clean=0.0215 bd=0.0000 reserve=0.0330 Rmed=13.8435 Rq10=8.1319 G=21.9657 D=0.8473 Mbg=-0.2057 Matk=21.7599 atk=1.000 bg=0.500
[DTK-BMR] epoch=2/5 batch=60/352 loss=0.0649 clean=0.0232 bd=0.0008 reserve=0.0409 Rmed=6.0466 Rq10=2.6019 G=7.6935 D=0.5319 Mbg=0.7169 Matk=8.4105 atk=1.000 bg=0.750
[DTK-BMR] epoch=2/5 batch=80/352 loss=0.0688 clean=0.0384 bd=0.0000 reserve=0.0304 Rmed=16.7176 Rq10=5.2408 G=19.9293 D=0.7874 Mbg=0.3784 Matk=20.3076 atk=1.000 bg=0.672
[DTK-BMR] epoch=2/5 batch=100/352 loss=0.0538 clean=0.0209 bd=0.0000 reserve=0.0330 Rmed=10.9838 Rq10=5.9238 G=17.5984 D=0.7219 Mbg=0.1179 Matk=17.7163 atk=1.000 bg=0.625
[DTK-BMR] epoch=2/5 batch=120/352 loss=0.0732 clean=0.0455 bd=0.0000 reserve=0.0277 Rmed=9.2259 Rq10=7.1515 G=18.0960 D=0.6141 Mbg=0.3527 Matk=18.4487 atk=1.000 bg=0.672
[DTK-BMR] epoch=2/5 batch=140/352 loss=0.0512 clean=0.0225 bd=0.0000 reserve=0.0287 Rmed=12.4179 Rq10=6.0408 G=24.2832 D=0.8514 Mbg=0.0379 Matk=24.3210 atk=1.000 bg=0.625
[DTK-BMR] epoch=2/5 batch=160/352 loss=0.1154 clean=0.0899 bd=0.0000 reserve=0.0255 Rmed=12.7525 Rq10=5.4892 G=19.6758 D=0.6258 Mbg=0.3402 Matk=20.0160 atk=1.000 bg=0.656
[DTK-BMR] epoch=2/5 batch=180/352 loss=0.1103 clean=0.0947 bd=0.0000 reserve=0.0156 Rmed=17.1121 Rq10=11.6053 G=23.3441 D=0.4207 Mbg=0.7052 Matk=24.0493 atk=1.000 bg=0.688
[DTK-BMR] epoch=2/5 batch=200/352 loss=0.0528 clean=0.0321 bd=0.0000 reserve=0.0207 Rmed=23.3692 Rq10=7.0833 G=23.1941 D=0.5787 Mbg=0.5547 Matk=23.7488 atk=1.000 bg=0.641
[DTK-BMR] epoch=2/5 batch=220/352 loss=0.0737 clean=0.0528 bd=0.0000 reserve=0.0209 Rmed=17.2087 Rq10=8.3559 G=23.5378 D=0.5782 Mbg=0.4251 Matk=23.9629 atk=1.000 bg=0.672
[DTK-BMR] epoch=2/5 batch=240/352 loss=0.0516 clean=0.0324 bd=0.0000 reserve=0.0192 Rmed=16.1442 Rq10=6.3642 G=24.9591 D=0.5951 Mbg=0.7859 Matk=25.7451 atk=1.000 bg=0.734
[DTK-BMR] epoch=2/5 batch=260/352 loss=0.0746 clean=0.0322 bd=0.0000 reserve=0.0423 Rmed=8.9561 Rq10=4.8745 G=19.4736 D=1.0523 Mbg=-0.3171 Matk=19.1566 atk=1.000 bg=0.609
[DTK-BMR] epoch=2/5 batch=280/352 loss=0.0945 clean=0.0683 bd=0.0000 reserve=0.0263 Rmed=12.7145 Rq10=7.6651 G=16.6237 D=0.5505 Mbg=0.4432 Matk=17.0669 atk=1.000 bg=0.672
[DTK-BMR] epoch=2/5 batch=300/352 loss=0.0426 clean=0.0202 bd=0.0000 reserve=0.0224 Rmed=15.5239 Rq10=9.1458 G=23.5067 D=0.6379 Mbg=0.2412 Matk=23.7480 atk=1.000 bg=0.641
[DTK-BMR] epoch=2/5 batch=320/352 loss=0.0512 clean=0.0249 bd=0.0000 reserve=0.0263 Rmed=13.4485 Rq10=7.5157 G=26.1948 D=0.8274 Mbg=0.1287 Matk=26.3235 atk=1.000 bg=0.641
[DTK-BMR] epoch=2/5 batch=340/352 loss=0.0911 clean=0.0514 bd=0.0000 reserve=0.0398 Rmed=14.5378 Rq10=6.1686 G=21.0910 D=1.0144 Mbg=-0.3854 Matk=20.7056 atk=1.000 bg=0.469
[DTK-BMR] epoch_summary: {'epoch': 2, 'steps': 352, 'elapsed_sec': 1114.920779466629, 'avg_loss': 0.0626381779491732, 'avg_clean_loss': 0.030901273995616728, 'avg_bd_loss': 0.000152278518217474, 'avg_reserve_loss': 0.03158462552660653, 'avg_residual_l2': 2.5282893505963413, 'avg_attack_margin_mean': 18.664869678291407, 'avg_attack_margin_min': 16.227924504063346, 'avg_background_margin_mean': 0.29662753751670773, 'avg_background_margin_max': 3.7136689966375176, 'avg_background_deficit_mean': 0.6862213011323051, 'avg_background_deficit_median': 0.0005087689919905229, 'avg_margin_gain_mean': 18.36824209717187, 'avg_margin_gain_min': 14.185599787668748, 'avg_margin_gain_positive_rate': 1.0, 'avg_reserve_valid_rate': 0.3473455255681818, 'avg_reserve_ratio_mean': 78.07878268848766, 'avg_reserve_ratio_median': 14.188078776679255, 'avg_reserve_ratio_q10': 5.662508829073473, 'avg_reserve_below_one_rate': 0.0, 'avg_reserve_gap_mean': 17.682020784779027, 'avg_reserve_gap_min': 14.115817617286336, 'avg_attack_target_rate': 1.0, 'avg_background_target_rate': 0.6526544744318182, 'avg_clean_acc': 0.9927201704545454}
[DTK-BMR] epoch=3/5 batch=0/352 loss=0.0779 clean=0.0493 bd=0.0000 reserve=0.0286 Rmed=10.7704 Rq10=4.2924 G=18.0040 D=0.6769 Mbg=0.2791 Matk=18.2832 atk=1.000 bg=0.719
[DTK-BMR] epoch=3/5 batch=20/352 loss=0.0427 clean=0.0234 bd=0.0000 reserve=0.0193 Rmed=17.4610 Rq10=7.3003 G=20.4432 D=0.4778 Mbg=0.4033 Matk=20.8465 atk=1.000 bg=0.656
[DTK-BMR] epoch=3/5 batch=40/352 loss=0.0598 clean=0.0310 bd=0.0000 reserve=0.0288 Rmed=11.7593 Rq10=7.5915 G=19.3570 D=0.6738 Mbg=0.2025 Matk=19.5596 atk=1.000 bg=0.656
[DTK-BMR] epoch=3/5 batch=60/352 loss=0.0368 clean=0.0105 bd=0.0000 reserve=0.0263 Rmed=15.0712 Rq10=5.4257 G=24.4664 D=0.7999 Mbg=0.0227 Matk=24.4891 atk=1.000 bg=0.656
[DTK-BMR] epoch=3/5 batch=80/352 loss=0.0603 clean=0.0211 bd=0.0001 reserve=0.0391 Rmed=7.1439 Rq10=3.9858 G=11.2197 D=0.5752 Mbg=0.3763 Matk=11.5959 atk=1.000 bg=0.703
[DTK-BMR] epoch=3/5 batch=100/352 loss=0.0512 clean=0.0284 bd=0.0000 reserve=0.0228 Rmed=18.9255 Rq10=6.6130 G=21.2904 D=0.6002 Mbg=0.5402 Matk=21.8306 atk=1.000 bg=0.672
[DTK-BMR] epoch=3/5 batch=120/352 loss=0.0363 clean=0.0153 bd=0.0000 reserve=0.0210 Rmed=18.2890 Rq10=8.9243 G=26.9176 D=0.6438 Mbg=0.3444 Matk=27.2620 atk=1.000 bg=0.625
[DTK-BMR] epoch=3/5 batch=140/352 loss=0.0741 clean=0.0532 bd=0.0000 reserve=0.0209 Rmed=16.5715 Rq10=8.1689 G=20.8336 D=0.5167 Mbg=0.5082 Matk=21.3418 atk=1.000 bg=0.656
[DTK-BMR] epoch=3/5 batch=160/352 loss=0.0325 clean=0.0131 bd=0.0000 reserve=0.0194 Rmed=12.9114 Rq10=4.6392 G=11.4554 D=0.2977 Mbg=0.6833 Matk=12.1387 atk=1.000 bg=0.781
[DTK-BMR] epoch=3/5 batch=180/352 loss=0.0684 clean=0.0522 bd=0.0000 reserve=0.0162 Rmed=15.4587 Rq10=6.7005 G=23.7771 D=0.4702 Mbg=0.6556 Matk=24.4327 atk=1.000 bg=0.781
[DTK-BMR] epoch=3/5 batch=200/352 loss=0.0362 clean=0.0183 bd=0.0000 reserve=0.0179 Rmed=21.8009 Rq10=6.6963 G=26.3950 D=0.5947 Mbg=0.4994 Matk=26.8944 atk=1.000 bg=0.734
[DTK-BMR] epoch=3/5 batch=220/352 loss=0.0585 clean=0.0077 bd=0.0003 reserve=0.0505 Rmed=9.3163 Rq10=2.5631 G=10.0569 D=0.7444 Mbg=0.0954 Matk=10.1523 atk=1.000 bg=0.641
[DTK-BMR] epoch=3/5 batch=240/352 loss=0.0570 clean=0.0280 bd=0.0000 reserve=0.0290 Rmed=14.3668 Rq10=5.2320 G=19.7781 D=0.7315 Mbg=0.2650 Matk=20.0430 atk=1.000 bg=0.641
[DTK-BMR] epoch=3/5 batch=260/352 loss=0.0597 clean=0.0384 bd=0.0000 reserve=0.0213 Rmed=21.1474 Rq10=5.1411 G=24.1255 D=0.6588 Mbg=0.3635 Matk=24.4891 atk=1.000 bg=0.672
[DTK-BMR] epoch=3/5 batch=280/352 loss=0.0415 clean=0.0226 bd=0.0000 reserve=0.0189 Rmed=16.8364 Rq10=8.5230 G=25.5112 D=0.5784 Mbg=0.5045 Matk=26.0157 atk=1.000 bg=0.688
[DTK-BMR] epoch=3/5 batch=300/352 loss=0.0459 clean=0.0229 bd=0.0000 reserve=0.0229 Rmed=26.0161 Rq10=8.0513 G=27.6775 D=0.7567 Mbg=0.2545 Matk=27.9320 atk=1.000 bg=0.609
[DTK-BMR] epoch=3/5 batch=320/352 loss=0.0556 clean=0.0182 bd=0.0000 reserve=0.0374 Rmed=12.2726 Rq10=6.6228 G=27.6699 D=1.2223 Mbg=-0.5551 Matk=27.1148 atk=1.000 bg=0.484
[DTK-BMR] epoch=3/5 batch=340/352 loss=0.0695 clean=0.0371 bd=0.0000 reserve=0.0324 Rmed=13.5593 Rq10=5.5199 G=18.6401 D=0.7650 Mbg=0.1482 Matk=18.7883 atk=1.000 bg=0.609
[DTK-BMR] epoch_summary: {'epoch': 3, 'steps': 352, 'elapsed_sec': 1485.1658277511597, 'avg_loss': 0.053506567269902335, 'avg_clean_loss': 0.02598435468892355, 'avg_bd_loss': 5.724351719613037e-05, 'avg_reserve_loss': 0.02746496907308359, 'avg_residual_l2': 2.540376038036563, 'avg_attack_margin_mean': 21.553532375530764, 'avg_attack_margin_min': 19.15202442082492, 'avg_background_margin_mean': 0.31019254875454033, 'avg_background_margin_max': 3.725616655566476, 'avg_background_deficit_mean': 0.6688577823171561, 'avg_background_deficit_median': 0.0014951716769825327, 'avg_margin_gain_mean': 21.243339752609078, 'avg_margin_gain_min': 17.00594804503701, 'avg_margin_gain_positive_rate': 1.0, 'avg_reserve_valid_rate': 0.34614701704545453, 'avg_reserve_ratio_mean': 82.97354559735818, 'avg_reserve_ratio_median': 16.689280263402246, 'avg_reserve_ratio_q10': 6.534376212819056, 'avg_reserve_below_one_rate': 0.0, 'avg_reserve_gap_mean': 20.57448200339621, 'avg_reserve_gap_min': 16.964602757583965, 'avg_attack_target_rate': 1.0, 'avg_background_target_rate': 0.6538529829545454, 'avg_clean_acc': 0.9936301491477273}
[DTK-BMR] epoch=4/5 batch=0/352 loss=0.0463 clean=0.0134 bd=0.0000 reserve=0.0329 Rmed=11.0322 Rq10=6.3362 G=19.5019 D=0.8035 Mbg=0.1249 Matk=19.6268 atk=1.000 bg=0.625
[DTK-BMR] epoch=4/5 batch=20/352 loss=0.0496 clean=0.0247 bd=0.0000 reserve=0.0248 Rmed=17.4557 Rq10=5.3970 G=23.8291 D=0.7490 Mbg=0.2412 Matk=24.0702 atk=1.000 bg=0.672
[DTK-BMR] epoch=4/5 batch=40/352 loss=0.0308 clean=0.0147 bd=0.0000 reserve=0.0161 Rmed=18.4357 Rq10=7.2914 G=26.1907 D=0.5174 Mbg=0.5147 Matk=26.7054 atk=1.000 bg=0.734
[DTK-BMR] epoch=4/5 batch=60/352 loss=0.1015 clean=0.0698 bd=0.0000 reserve=0.0316 Rmed=13.4605 Rq10=5.5131 G=21.1469 D=0.8409 Mbg=-0.0014 Matk=21.1455 atk=1.000 bg=0.594
[DTK-BMR] epoch=4/5 batch=80/352 loss=0.0358 clean=0.0146 bd=0.0000 reserve=0.0212 Rmed=25.0532 Rq10=7.8768 G=26.0029 D=0.6757 Mbg=0.1871 Matk=26.1900 atk=1.000 bg=0.609
[DTK-BMR] epoch=4/5 batch=100/352 loss=0.0333 clean=0.0055 bd=0.0000 reserve=0.0278 Rmed=18.4429 Rq10=5.9303 G=28.1019 D=0.9447 Mbg=-0.0260 Matk=28.0759 atk=1.000 bg=0.609
[DTK-BMR] epoch=4/5 batch=120/352 loss=0.0346 clean=0.0100 bd=0.0000 reserve=0.0247 Rmed=16.4332 Rq10=7.4364 G=28.2631 D=0.8528 Mbg=0.0716 Matk=28.3347 atk=1.000 bg=0.609
[DTK-BMR] epoch=4/5 batch=140/352 loss=0.0465 clean=0.0130 bd=0.0000 reserve=0.0335 Rmed=11.3229 Rq10=4.1110 G=13.8277 D=0.6599 Mbg=0.5617 Matk=14.3894 atk=1.000 bg=0.688
[DTK-BMR] epoch=4/5 batch=160/352 loss=0.0301 clean=0.0092 bd=0.0000 reserve=0.0210 Rmed=16.7193 Rq10=7.3034 G=25.7012 D=0.6574 Mbg=0.4229 Matk=26.1241 atk=1.000 bg=0.688
[DTK-BMR] epoch=4/5 batch=180/352 loss=0.0335 clean=0.0122 bd=0.0000 reserve=0.0213 Rmed=22.9307 Rq10=6.8499 G=29.1637 D=0.7441 Mbg=0.1480 Matk=29.3117 atk=1.000 bg=0.641
[DTK-BMR] epoch=4/5 batch=200/352 loss=0.0511 clean=0.0309 bd=0.0000 reserve=0.0203 Rmed=17.1779 Rq10=6.7331 G=15.5889 D=0.4015 Mbg=0.8021 Matk=16.3910 atk=1.000 bg=0.688
[DTK-BMR] epoch=4/5 batch=220/352 loss=0.0380 clean=0.0161 bd=0.0000 reserve=0.0219 Rmed=20.0018 Rq10=6.8062 G=24.3128 D=0.6586 Mbg=0.4500 Matk=24.7628 atk=1.000 bg=0.672
[DTK-BMR] epoch=4/5 batch=240/352 loss=0.0457 clean=0.0175 bd=0.0000 reserve=0.0281 Rmed=11.9394 Rq10=4.9917 G=17.3816 D=0.6441 Mbg=0.2359 Matk=17.6176 atk=1.000 bg=0.656
[DTK-BMR] epoch=4/5 batch=260/352 loss=0.0464 clean=0.0076 bd=0.0000 reserve=0.0388 Rmed=10.2610 Rq10=4.6024 G=15.4648 D=0.7696 Mbg=-0.0365 Matk=15.4283 atk=1.000 bg=0.641
[DTK-BMR] epoch=4/5 batch=280/352 loss=0.0518 clean=0.0189 bd=0.0000 reserve=0.0329 Rmed=17.3102 Rq10=6.6296 G=27.0304 D=1.0659 Mbg=-0.4593 Matk=26.5711 atk=1.000 bg=0.531
[DTK-BMR] epoch=4/5 batch=300/352 loss=0.0383 clean=0.0091 bd=0.0000 reserve=0.0292 Rmed=18.2865 Rq10=6.3293 G=27.1214 D=0.9604 Mbg=-0.1524 Matk=26.9690 atk=1.000 bg=0.562
[DTK-BMR] epoch=4/5 batch=320/352 loss=0.0229 clean=0.0112 bd=0.0000 reserve=0.0117 Rmed=52.2364 Rq10=15.0389 G=28.5488 D=0.3839 Mbg=0.6010 Matk=29.1497 atk=1.000 bg=0.672
[DTK-BMR] epoch=4/5 batch=340/352 loss=0.0365 clean=0.0097 bd=0.0000 reserve=0.0268 Rmed=14.5749 Rq10=6.9728 G=27.0620 D=0.8943 Mbg=0.0556 Matk=27.1176 atk=1.000 bg=0.625
[DTK-BMR] epoch_summary: {'epoch': 4, 'steps': 352, 'elapsed_sec': 1858.0238626003265, 'avg_loss': 0.04707270339448852, 'avg_clean_loss': 0.021051042489654555, 'avg_bd_loss': 2.049922196797956e-05, 'avg_reserve_loss': 0.026001161718423562, 'avg_residual_l2': 2.553068762475794, 'avg_attack_margin_mean': 23.24178560213609, 'avg_attack_margin_min': 20.869633403691378, 'avg_background_margin_mean': 0.29561187767169694, 'avg_background_margin_max': 3.7441865476694973, 'avg_background_deficit_mean': 0.6845084930008108, 'avg_background_deficit_median': 0.002014691179448908, 'avg_margin_gain_mean': 22.946173697710037, 'avg_margin_gain_min': 18.65558650818738, 'avg_margin_gain_positive_rate': 1.0, 'avg_reserve_valid_rate': 0.34996448863636365, 'avg_reserve_ratio_mean': 130.6533421684395, 'avg_reserve_ratio_median': 17.4992648512125, 'avg_reserve_ratio_q10': 6.88239306143739, 'avg_reserve_below_one_rate': 0.0, 'avg_reserve_gap_mean': 22.261665212837134, 'avg_reserve_gap_min': 18.6289141015573, 'avg_attack_target_rate': 1.0, 'avg_background_target_rate': 0.6500355113636364, 'avg_clean_acc': 0.995432844046842}
Saving image encoder to ./checkpoints/ViT-B-32/CIFAR100_KDR_TDK_BMR_CIFAR100_Tgt_1_L_22/finetuned.pt
[DTK-BMR] saved checkpoint: ./checkpoints/ViT-B-32/CIFAR100_KDR_TDK_BMR_CIFAR100_Tgt_1_L_22/finetuned.pt
[DTK-BMR] saved summary: ./checkpoints/ViT-B-32/CIFAR100_KDR_TDK_BMR_CIFAR100_Tgt_1_L_22/20260709_101903_dtk_bmr_summary.json
