usage: main_regmean_badmergingon.py [-h] [--data-location DATA_LOCATION]
                                    [--eval-datasets EVAL_DATASETS]
                                    [--train-dataset TRAIN_DATASET]
                                    [--exp_name EXP_NAME]
                                    [--results-db RESULTS_DB] [--model MODEL]
                                    [--batch-size BATCH_SIZE] [--lr LR]
                                    [--wd WD] [--ls LS]
                                    [--warmup_length WARMUP_LENGTH]
                                    [--epochs EPOCHS] [--load LOAD]
                                    [--save SAVE] [--cache-dir CACHE_DIR]
                                    [--openclip-cachedir OPENCLIP_CACHEDIR]
                                    [--ckpt-dir CKPT_DIR]
                                    [--logs-dir LOGS_DIR] [--suffix SUFFIX]
                                    [--ada_name ADA_NAME]
                                    [--scaling-coef- SCALING_COEF_]
                                    [--adversary-task ADVERSARY_TASK]
                                    [--target-task TARGET_TASK]
                                    [--target-cls TARGET_CLS]
                                    [--patch-size PATCH_SIZE] [--alpha ALPHA]
                                    [--num-shadow-data NUM_SHADOW_DATA]
                                    [--num-shadow-classes NUM_SHADOW_CLASSES]
                                    [--attack-type ATTACK_TYPE]
                                    [--test-utility]
                                    [--test-effectiveness TEST_EFFECTIVENESS]
                                    [--adamerging-epochs ADAMERGING_EPOCHS]
main_regmean_badmergingon.py: error: unrecognized arguments: --test_effectiveness --test_utility
